com\maanmeal\controller\StaticController.class
com\maanmeal\model\User.class
com\maanmeal\repository\OrderItemRepository.class
com\maanmeal\repository\ReviewRepository.class
com\maanmeal\model\FarmerProfile.class
com\maanmeal\repository\TransactionRepository.class
com\maanmeal\model\CartItem.class
com\maanmeal\controller\ConsumerController.class
com\maanmeal\repository\CartItemRepository.class
com\maanmeal\config\DataInitializer.class
com\maanmeal\model\OrderItem.class
com\maanmeal\config\WebConfig.class
com\maanmeal\repository\NotificationRepository.class
com\maanmeal\security\JwtUtil.class
com\maanmeal\model\Notification.class
com\maanmeal\repository\UserRepository.class
com\maanmeal\model\Product.class
com\maanmeal\model\Review.class
com\maanmeal\controller\AdminController.class
com\maanmeal\controller\AuthController.class
com\maanmeal\security\PasswordUtil.class
com\maanmeal\repository\OrderRepository.class
com\maanmeal\repository\FarmerProfileRepository.class
com\maanmeal\model\Order.class
com\maanmeal\model\Transaction.class
com\maanmeal\repository\ProductRepository.class
com\maanmeal\controller\CustomErrorController.class
com\maanmeal\controller\FarmerController.class
com\maanmeal\MaanMealApplication.class
com\maanmeal\controller\PublicController.class
