C:\Users\LENOVO\Downloads\Maan-Meal\java-backend\src\main\java\com\maanmeal\model\OrderItem.java
C:\Users\LENOVO\Downloads\Maan-Meal\java-backend\src\main\java\com\maanmeal\model\Review.java
C:\Users\LENOVO\Downloads\Maan-Meal\java-backend\src\main\java\com\maanmeal\config\WebConfig.java
C:\Users\LENOVO\Downloads\Maan-Meal\java-backend\src\main\java\com\maanmeal\repository\CartItemRepository.java
C:\Users\LENOVO\Downloads\Maan-Meal\java-backend\src\main\java\com\maanmeal\repository\ProductRepository.java
C:\Users\LENOVO\Downloads\Maan-Meal\java-backend\src\main\java\com\maanmeal\model\Order.java
C:\Users\LENOVO\Downloads\Maan-Meal\java-backend\src\main\java\com\maanmeal\controller\AuthController.java
C:\Users\LENOVO\Downloads\Maan-Meal\java-backend\src\main\java\com\maanmeal\security\PasswordUtil.java
C:\Users\LENOVO\Downloads\Maan-Meal\java-backend\src\main\java\com\maanmeal\repository\NotificationRepository.java
C:\Users\LENOVO\Downloads\Maan-Meal\java-backend\src\main\java\com\maanmeal\model\FarmerProfile.java
C:\Users\LENOVO\Downloads\Maan-Meal\java-backend\src\main\java\com\maanmeal\controller\ConsumerController.java
C:\Users\LENOVO\Downloads\Maan-Meal\java-backend\src\main\java\com\maanmeal\model\Product.java
C:\Users\LENOVO\Downloads\Maan-Meal\java-backend\src\main\java\com\maanmeal\controller\PublicController.java
C:\Users\LENOVO\Downloads\Maan-Meal\java-backend\src\main\java\com\maanmeal\repository\OrderRepository.java
C:\Users\LENOVO\Downloads\Maan-Meal\java-backend\src\main\java\com\maanmeal\config\DataInitializer.java
C:\Users\LENOVO\Downloads\Maan-Meal\java-backend\src\main\java\com\maanmeal\model\User.java
C:\Users\LENOVO\Downloads\Maan-Meal\java-backend\src\main\java\com\maanmeal\security\JwtUtil.java
C:\Users\LENOVO\Downloads\Maan-Meal\java-backend\src\main\java\com\maanmeal\model\Transaction.java
C:\Users\LENOVO\Downloads\Maan-Meal\java-backend\src\main\java\com\maanmeal\model\CartItem.java
C:\Users\LENOVO\Downloads\Maan-Meal\java-backend\src\main\java\com\maanmeal\MaanMealApplication.java
C:\Users\LENOVO\Downloads\Maan-Meal\java-backend\src\main\java\com\maanmeal\repository\OrderItemRepository.java
C:\Users\LENOVO\Downloads\Maan-Meal\java-backend\src\main\java\com\maanmeal\controller\FarmerController.java
C:\Users\LENOVO\Downloads\Maan-Meal\java-backend\src\main\java\com\maanmeal\repository\TransactionRepository.java
C:\Users\LENOVO\Downloads\Maan-Meal\java-backend\src\main\java\com\maanmeal\controller\StaticController.java
C:\Users\LENOVO\Downloads\Maan-Meal\java-backend\src\main\java\com\maanmeal\repository\UserRepository.java
C:\Users\LENOVO\Downloads\Maan-Meal\java-backend\src\main\java\com\maanmeal\controller\CustomErrorController.java
C:\Users\LENOVO\Downloads\Maan-Meal\java-backend\src\main\java\com\maanmeal\model\Notification.java
C:\Users\LENOVO\Downloads\Maan-Meal\java-backend\src\main\java\com\maanmeal\repository\ReviewRepository.java
C:\Users\LENOVO\Downloads\Maan-Meal\java-backend\src\main\java\com\maanmeal\controller\AdminController.java
C:\Users\LENOVO\Downloads\Maan-Meal\java-backend\src\main\java\com\maanmeal\repository\FarmerProfileRepository.java
